<link rel="stylesheet" href="./test1.151106170914.css">
<script type="text/javascript" src="./test1.151106170914.js"></script>
<script type="text/javascript" src="./test2.js"></script>
<script type="text/javascript"></script>