<link rel="stylesheet" href="./test1.f8c0db01a0.css">
<script type="text/javascript" src="./test1.cc8f05f977.js"></script>
<script type="text/javascript" src="./test2.js"></script>
<script type="text/javascript"></script>