<!DOCTYPE html>
<html lang="en">
<head>
    <meta charset="UTF-8">
    <title></title>
    <style>body {
        color: red;
    }</style>
    <script type="text/javascript">/**
     * [文件描述]
     *
     * @author linjianghe
     * @date 2015/11/5
     */
    console.log("hello,test1.js!");</script>
    <script type="text/javascript" src="./test2.js"></script>
    <script type="text/javascript"></script>
</head>
<body>

</body>
</html>