<!DOCTYPE html>
<html lang="en">
<head>
    <meta charset="UTF-8">
    <title>requirejs_no_paths.html</title>
    <script data-main="./requirejs/page/requirejs_no_paths.6ce8ae2e02.js" src="./requirejs/lib/require.js"></script>
</head>
<body>
<h1>requirejs_no_paths.html</h1>
</body>
</html>