<!DOCTYPE html>
<html lang="en">
<head>
    <meta charset="UTF-8">
    <title>requirejs_complex_2.html</title>
    <script data-main="./requirejs/page/requirejs_complex_2.6e8fed1273.js" src="./requirejs/lib/require.js"></script>
</head>
<body>
<h1>requirejs_complex_2.html</h1>
</body>
</html>