<!DOCTYPE html>
<html lang="en">
<head>
    <meta charset="UTF-8">
    <title>requirejs_suffix_time.html</title>
    <script data-main="./requirejs/page/requirejs_suffix_time.js?_v=151113211956" src="./requirejs/lib/require.js"></script>
</head>
<body>
<h1>requirejs_suffix_time.html</h1>
</body>
</html>