<!DOCTYPE html>
<html lang="en">
<head>
    <meta charset="UTF-8">
    <title>requirejs_embed_hash.html</title>
    <script data-main="./requirejs/page/requirejs_embed_hash.47060b2018.js" src="./requirejs/lib/require.js"></script>
</head>
<body>
<h1>requirejs_embed_hash.html</h1>
</body>
</html>