<link rel="stylesheet" href="./test1.f8c0db01a0.css">
<script type="text/javascript" src="./test1.cc8f05f977.js"></script>
<script type="text/javascript" src="./test2.min.3cfc4d97d1.js"></script>
<script type="text/javascript" src="./testshim.85255a35eb.js"></script>
<script type="text/javascript" src="http://cdn.bootcss.com/jquery/2.1.4/jquery.min.js"></script>
<script type="text/javascript"></script>