<link rel="stylesheet" href="./test1.css?_v=f8c0db01a0">
<script type="text/javascript" src="./test1.js?_v=cc8f05f977"></script>
<script type="text/javascript" src="./test2.min.js?_v=3cfc4d97d1"></script>
<script type="text/javascript" src="./testshim.js?_v=85255a35eb"></script>
<script type="text/javascript" src="http://cdn.bootcss.com/jquery/2.1.4/jquery.min.js"></script>
<script type="text/javascript"></script>