<script type="text/javascript" src="./test1.js?_v=241f131860"></script>
<script type="text/javascript" src="./test2.js"></script>
<script type="text/javascript"></script>